// Jest Snapshot v1, https://goo.gl/fbAQLP

exports[`a pagina de configuração deve ser renderizada corretamente 1`] = `
<div>
  <div>
    <section>
      <h2>
         Vamos começar! 
      </h2>
      <form>
        <div
          class="grupo_input_btn"
        >
          <input
            placeholder="Insira os nomes dos participantes"
            type="text"
            value=""
          />
          <button
            disabled=""
          >
            Adicionar
          </button>
        </div>
        
      </form>
      <ul />
      <footer
        class="rodape_configuracoes"
      >
        <button
          class="botao"
          disabled=""
        >
          Iniciar brincadeira!
        </button>
      </footer>
    </section>
  </div>
</div>
`;
